Performing C SOURCE FILE Test CMAKE_HAVE_LIBC_PTHREAD failed with the following output:
Change Dir: /home/libai/Code/condition_ws/build/CMakeFiles/CMakeTmp

Run Build Command(s):/usr/bin/make cmTC_d6a08/fast && /usr/bin/make -f CMakeFiles/cmTC_d6a08.dir/build.make CMakeFiles/cmTC_d6a08.dir/build
make[1]: Entering directory '/home/libai/Code/condition_ws/build/CMakeFiles/CMakeTmp'
Building C object CMakeFiles/cmTC_d6a08.dir/src.c.o
/usr/bin/cc   -DCMAKE_HAVE_LIBC_PTHREAD   -o CMakeFiles/cmTC_d6a08.dir/src.c.o   -c /home/libai/Code/condition_ws/build/CMakeFiles/CMakeTmp/src.c
Linking C executable cmTC_d6a08
/usr/bin/cmake -E cmake_link_script CMakeFiles/cmTC_d6a08.dir/link.txt --verbose=1
/usr/bin/cc  -DCMAKE_HAVE_LIBC_PTHREAD    -rdynamic CMakeFiles/cmTC_d6a08.dir/src.c.o  -o cmTC_d6a08 
/usr/bin/ld: CMakeFiles/cmTC_d6a08.dir/src.c.o: in function `main':
src.c:(.text+0x46): undefined reference to `pthread_create'
/usr/bin/ld: src.c:(.text+0x52): undefined reference to `pthread_detach'
/usr/bin/ld: src.c:(.text+0x63): undefined reference to `pthread_join'
collect2: error: ld returned 1 exit status
make[1]: *** [CMakeFiles/cmTC_d6a08.dir/build.make:87: cmTC_d6a08] Error 1
make[1]: Leaving directory '/home/libai/Code/condition_ws/build/CMakeFiles/CMakeTmp'
make: *** [Makefile:121: cmTC_d6a08/fast] Error 2


Source file was:
#include <pthread.h>

void* test_func(void* data)
{
  return data;
}

int main(void)
{
  pthread_t thread;
  pthread_create(&thread, NULL, test_func, NULL);
  pthread_detach(thread);
  pthread_join(thread, NULL);
  pthread_atfork(NULL, NULL, NULL);
  pthread_exit(NULL);

  return 0;
}

Determining if the function pthread_create exists in the pthreads failed with the following output:
Change Dir: /home/libai/Code/condition_ws/build/CMakeFiles/CMakeTmp

Run Build Command(s):/usr/bin/make cmTC_3c104/fast && /usr/bin/make -f CMakeFiles/cmTC_3c104.dir/build.make CMakeFiles/cmTC_3c104.dir/build
make[1]: Entering directory '/home/libai/Code/condition_ws/build/CMakeFiles/CMakeTmp'
Building C object CMakeFiles/cmTC_3c104.dir/CheckFunctionExists.c.o
/usr/bin/cc   -DCHECK_FUNCTION_EXISTS=pthread_create   -o CMakeFiles/cmTC_3c104.dir/CheckFunctionExists.c.o   -c /usr/share/cmake-3.16/Modules/CheckFunctionExists.c
Linking C executable cmTC_3c104
/usr/bin/cmake -E cmake_link_script CMakeFiles/cmTC_3c104.dir/link.txt --verbose=1
/usr/bin/cc  -DCHECK_FUNCTION_EXISTS=pthread_create    -rdynamic CMakeFiles/cmTC_3c104.dir/CheckFunctionExists.c.o  -o cmTC_3c104  -lpthreads 
/usr/bin/ld: cannot find -lpthreads
collect2: error: ld returned 1 exit status
make[1]: *** [CMakeFiles/cmTC_3c104.dir/build.make:87: cmTC_3c104] Error 1
make[1]: Leaving directory '/home/libai/Code/condition_ws/build/CMakeFiles/CMakeTmp'
make: *** [Makefile:121: cmTC_3c104/fast] Error 2



Determining if the function sgemm_ exists failed with the following output:
Change Dir: /home/libai/Code/condition_ws/build/CMakeFiles/CMakeTmp

Run Build Command(s):/usr/bin/make cmTC_9920b/fast && /usr/bin/make -f CMakeFiles/cmTC_9920b.dir/build.make CMakeFiles/cmTC_9920b.dir/build
make[1]: 进入目录“/home/libai/Code/condition_ws/build/CMakeFiles/CMakeTmp”
Building C object CMakeFiles/cmTC_9920b.dir/CheckFunctionExists.c.o
/usr/bin/cc   -DCHECK_FUNCTION_EXISTS=sgemm_   -o CMakeFiles/cmTC_9920b.dir/CheckFunctionExists.c.o   -c /usr/share/cmake-3.16/Modules/CheckFunctionExists.c
Linking C executable cmTC_9920b
/usr/bin/cmake -E cmake_link_script CMakeFiles/cmTC_9920b.dir/link.txt --verbose=1
/usr/bin/cc  -DCHECK_FUNCTION_EXISTS=sgemm_    CMakeFiles/cmTC_9920b.dir/CheckFunctionExists.c.o  -o cmTC_9920b 
/usr/bin/ld: CMakeFiles/cmTC_9920b.dir/CheckFunctionExists.c.o: in function `main':
CheckFunctionExists.c:(.text+0x14): undefined reference to `sgemm_'
collect2: error: ld returned 1 exit status
make[1]: *** [CMakeFiles/cmTC_9920b.dir/build.make:87：cmTC_9920b] 错误 1
make[1]: 离开目录“/home/libai/Code/condition_ws/build/CMakeFiles/CMakeTmp”
make: *** [Makefile:121：cmTC_9920b/fast] 错误 2



Determining if the function cheev_ exists failed with the following output:
Change Dir: /home/libai/Code/condition_ws/build/CMakeFiles/CMakeTmp

Run Build Command(s):/usr/bin/make cmTC_5e177/fast && /usr/bin/make -f CMakeFiles/cmTC_5e177.dir/build.make CMakeFiles/cmTC_5e177.dir/build
make[1]: 进入目录“/home/libai/Code/condition_ws/build/CMakeFiles/CMakeTmp”
Building C object CMakeFiles/cmTC_5e177.dir/CheckFunctionExists.c.o
/usr/bin/cc   -DCHECK_FUNCTION_EXISTS=cheev_   -o CMakeFiles/cmTC_5e177.dir/CheckFunctionExists.c.o   -c /usr/share/cmake-3.16/Modules/CheckFunctionExists.c
Linking C executable cmTC_5e177
/usr/bin/cmake -E cmake_link_script CMakeFiles/cmTC_5e177.dir/link.txt --verbose=1
/usr/bin/cc  -DCHECK_FUNCTION_EXISTS=cheev_    CMakeFiles/cmTC_5e177.dir/CheckFunctionExists.c.o  -o cmTC_5e177  /usr/lib/x86_64-linux-gnu/libblas.so 
/usr/bin/ld: CMakeFiles/cmTC_5e177.dir/CheckFunctionExists.c.o: in function `main':
CheckFunctionExists.c:(.text+0x14): undefined reference to `cheev_'
collect2: error: ld returned 1 exit status
make[1]: *** [CMakeFiles/cmTC_5e177.dir/build.make:88：cmTC_5e177] 错误 1
make[1]: 离开目录“/home/libai/Code/condition_ws/build/CMakeFiles/CMakeTmp”
make: *** [Makefile:121：cmTC_5e177/fast] 错误 2



